WARNING: All log messages before absl::InitializeLog() is called are written to STDERR
E0000 00:00:1785310356.304197   27656 descriptor_database.cc:633] File already exists in database: grpc/health/v1/health.proto
W0000 00:00:1785310356.304297   27656 message.cc:301] Protobuf GeneratedMessageFactory: File is already registered: grpc/health/v1/health.proto
[Info] [carb] Logging to file: /home/reza/.cache/packman/chk/kit-kernel/109.0.2+production.256998.bb24931b.gl.manylinux_2_35_x86_64.release/logs/Kit/Isaac-Sim Python/6.0/kit_20260729_110235.log
[0.031s] [ext: omni.assets.plugins-0.0.0] startup
[0.031s] [ext: omni.blobkey-1.1.2] startup
[0.032s] [ext: omni.kit.async_engine-0.0.3] startup
[0.291s] [ext: omni.client.lib-1.1.1] startup
[0.299s] [ext: omni.client-1.3.0] startup
[0.353s] [ext: omni.protobuf.lib-1.0.0] startup
[0.356s] [ext: omni.grpc.lib-1.0.0] startup
[0.370s] [ext: omni.metrics.core-0.0.3] startup
[0.371s] [ext: omni.datastore-0.0.0] startup
[0.373s] [ext: omni.gpu_foundation.shadercache.vulkan-1.0.0] startup
[0.402s] [ext: omni.hsscclient-1.1.4] startup
[0.404s] [ext: omni.stats-1.0.1] startup
[0.407s] [ext: omni.ujitso.default-1.0.0] startup
[0.415s] [ext: omni.gpu_foundation-0.0.0] startup
[0.441s] [ext: carb.windowing.plugins-1.0.1] startup
[0.443s] [ext: omni.kit.renderer.init-1.0.1] startup

|---------------------------------------------------------------------------------------------|
| Driver Version: 590.48.01     | Graphics API: Vulkan
|=============================================================================================|
| GPU | Name                             | Active | LDA | GPU Memory | Vendor-ID | LUID       |
|     |                                  |        |     |            | Device-ID | UUID       |
|     |                                  |        |     |            | Bus-ID    |            |
|---------------------------------------------------------------------------------------------|
| 0   | NVIDIA GeForce RTX 4080 SUPER    | Yes: 0 |     | 16376   MB | 10de      | 0          |
|     |                                  |        |     |            | 2702      | e6e92fda.. |
|     |                                  |        |     |            | 1         |            |
|=============================================================================================|
| OS: 22.04.5 LTS (Jammy Jellyfish) ubuntu, Version: 22.04.5, Kernel: 6.8.0-101-generic
| XServer Vendor: The X.Org Foundation, XServer Version: 12101004 (1.21.1.4)
| Processor: Intel(R) Core(TM) i7-14700KF
| Bare Metal Cores: 20 | Bare Metal Logical Cores: 40
| Available Cores:  28 
|---------------------------------------------------------------------------------------------|
| Total Memory (MB): 31898 | Free Memory: 25566
| Total Page/Swap (MB): 0 | Free Page/Swap: 0
|---------------------------------------------------------------------------------------------|
2026-07-29T07:32:36Z [1,039ms] [Warning] [gpu.foundation.plugin] CPU performance profile is set to powersave. This profile sets the CPU to the lowest frequency reducing performance.
2026-07-29T07:32:36Z [1,047ms] [Warning] [gpu.foundation.plugin] IOMMU is enabled.
[1.164s] [ext: omni.kit.pipapi-0.0.0] startup
[1.165s] [ext: omni.kit.pip_archive-0.0.0] startup
[1.166s] [ext: omni.pip.compute-1.6.5] startup
[1.166s] [ext: omni.isaac.core_archive-5.1.0] startup
[1.166s] [ext: omni.kit.telemetry-0.5.2] startup
[1.183s] [ext: omni.kit.loop-isaac-1.3.8] startup
[1.183s] [ext: omni.kit.test-2.0.6] startup
[1.252s] [ext: omni.materialx.libs-1.0.9] startup
[1.257s] [ext: omni.gpucompute.plugins-0.0.0] startup
[1.258s] [ext: omni.usd.config-1.0.6] startup
[1.260s] [ext: omni.usd.libs-1.0.1] startup
[1.372s] [ext: omni.iray.libs-0.0.1] startup
[1.377s] [ext: omni.mdl-56.0.3] startup
[1.400s] [ext: omni.mdl.neuraylib-0.2.17] startup
[1.402s] [ext: omni.kit.usd.mdl-1.1.8] startup
[1.482s] [ext: omni.appwindow-1.2.0] startup
[1.484s] [ext: omni.kit.renderer.core-1.1.1] startup
[3.051s] [ext: omni.kit.renderer.capture-1.0.2] startup
[3.058s] [ext: omni.kit.renderer.imgui-2.0.6] startup
[3.293s] [ext: omni.ui-2.29.1] startup
[3.327s] [ext: omni.kit.mainwindow-1.0.3] startup
[3.330s] [ext: carb.audio-0.1.0] startup
[3.339s] [ext: omni.uiaudio-1.0.0] startup
[3.342s] [ext: omni.kit.uiapp-0.0.0] startup
[3.342s] [ext: omni.usd.schema.metrics.assembler-109.0.0] startup
[3.357s] [ext: omni.usd.schema.anim-0.0.1] startup
[3.438s] [ext: omni.usd.schema.audio-0.0.1] startup
[3.448s] [ext: omni.usd.schema.geospatial-0.0.1] startup
[3.455s] [ext: omni.usd.schema.omnigraph-1.0.1] startup
[3.473s] [ext: omni.usd.schema.semantics-0.0.0] startup
[3.476s] [ext: omni.activity.core-1.0.3] startup
[3.478s] [ext: omni.cubric-0.1.0] startup
[3.478s] [ext: omni.graph.exec-0.9.6] startup
[3.479s] [ext: omni.usd_resolver-1.0.0] startup
[3.483s] [ext: omni.usd.core-1.6.3] startup
[3.485s] [ext: omni.hydra.scene_delegate-0.3.5] startup
[3.489s] [ext: usdrt.scenegraph-7.6.2] startup
[3.518s] [ext: omni.hydra.usdrt_delegate-7.5.2] startup
[3.522s] [ext: omni.inspect-1.0.2] startup
[3.523s] [ext: omni.kit.actions.core-1.0.0] startup
[3.524s] [ext: omni.kit.audiodeviceenum-1.0.2] startup
[3.525s] [ext: omni.kit.commands-1.5.0] startup
[3.527s] [ext: omni.kit.exec.core-0.13.4] startup
[3.528s] [ext: omni.kit.usd_undo-0.1.8] startup
[3.529s] [ext: omni.kit.window.popup_dialog-2.0.25] startup
[3.531s] [ext: omni.kit.widget.nucleus_connector-2.2.2] startup
[3.534s] [ext: omni.timeline-1.1.0] startup
[3.535s] [ext: omni.usd-1.13.22] startup
[3.567s] [ext: omni.graph.core-3.0.1] startup
[3.569s] [ext: omni.kit.notification_manager-1.0.10] startup
[3.570s] [ext: isaacsim.core.deprecation_manager-0.3.2] startup
[3.571s] [ext: isaacsim.replicator.agent.schema-0.0.1] startup
[3.571s] [ext: isaacsim.robot.schema-4.0.3] startup
[3.578s] [ext: omni.anim.behavior.schema-109.0.6] startup
[3.581s] [ext: omni.anim.graph.schema-109.0.6] startup
[3.585s] [ext: omni.anim.navigation.schema-109.0.6] startup
[3.587s] [ext: omni.behavior.composer.schema-0.4.0] startup
[3.588s] [ext: omni.isaac.ml_archive-3.0.4] startup
[3.588s] [ext: omni.kit.asset_converter-5.0.25] startup
[3.596s] [ext: omni.pip.cloud-1.4.4] startup
[3.598s] [ext: omni.usd.schema.flow-109.0.1] startup
[3.598s] [ext: omni.usd.schema.omni_lens_distortion-1.0.0] startup
[3.598s] [ext: omni.usd.schema.omni_sensors-0.0.0] startup
[3.603s] [ext: omni.usd.schema.omniscripting-1.0.1] startup
[3.608s] [ext: omni.usd.schema.physical_lighting-0.1.0] startup
[3.611s] [ext: omni.usd.schema.physx-109.0.10] startup
[3.637s] [ext: omni.usd.schema.render_settings.rtx-1.0.0] startup
[3.638s] [ext: isaacsim.core.version-2.0.6] startup
[3.639s] [ext: omni.kit.menu.core-1.2.0] startup
[3.639s] [ext: omni.kit.menu.utils-2.2.2] startup
[3.645s] [ext: isaacsim.app.about-2.0.13] startup
[3.648s] [ext: omni.kit.usd.layers-2.4.2] startup
[3.654s] [ext: omni.kit.primitive.mesh-1.0.18] startup
[3.656s] [ext: omni.kit.stage_template.core-1.1.22] startup
[3.657s] [ext: omni.kit.stage_templates-2.0.2] startup
[3.658s] [ext: omni.usd.metrics.assembler-109.0.0] startup
[3.661s] [ext: omni.warp.core-1.10.1] startup
[3.874s] [ext: isaacsim.core.experimental.utils-0.8.1] startup
[3.874s] [ext: omni.hydra.engine.stats-1.0.4] startup
[3.876s] [ext: omni.hydra.rtx.shadercache.vulkan-1.0.0] startup
[3.877s] [ext: omni.index.libs-387500.2199.0] startup
[3.877s] [ext: omni.index-1.0.1] startup
[3.877s] [ext: omni.ujitso.client-0.0.0] startup
[3.877s] [ext: omni.volume-0.5.2] startup
[3.879s] [ext: omni.hydra.rtx-1.0.2] startup
2026-07-29T07:32:39Z [3,879ms] [Warning] [omni.log] Source: omni.hydra was already registered.
[3.901s] [ext: omni.kit.clipboard-1.1.1] startup
[3.901s] [ext: omni.kit.widget.context_menu-1.3.0] startup
[3.902s] [ext: omni.kit.context_menu-1.8.6] startup
[3.904s] [ext: omni.kit.helper.file_utils-0.1.10] startup
[3.905s] [ext: omni.kit.hydra_texture-1.5.3] startup
[3.907s] [ext: omni.kit.widget.path_field-2.0.13] startup
[3.908s] [ext: omni.kit.widget.browser_bar-2.0.10] startup
[3.909s] [ext: omni.kit.widget.filebrowser-2.12.5] startup
[3.915s] [ext: omni.kit.widget.options_menu-1.1.6] startup
[3.918s] [ext: omni.kit.widget.options_button-1.0.3] startup
[3.918s] [ext: omni.ui.scene-1.13.1] startup
[3.923s] [ext: omni.kit.window.filepicker-2.14.8] startup
[3.957s] [ext: omni.kit.window.file_importer-1.1.20] startup
[3.961s] [ext: omni.kit.material.library-2.0.14] startup
[3.978s] [ext: omni.kit.raycast.query-1.1.0] startup
[3.991s] [ext: omni.kit.viewport.legacy_gizmos-1.0.23] startup
[3.998s] [ext: omni.kit.viewport.registry-104.0.6] startup
[3.999s] [ext: omni.kit.viewport.scene_camera_model-1.0.7] startup
[4.013s] [ext: omni.kit.widget.viewport-109.0.4] startup
[4.027s] [ext: omni.kit.window.drop_support-1.0.8] startup
[4.029s] [ext: omni.kit.viewport.window-109.0.1] startup
[4.120s] [ext: omni.kit.widget.searchfield-1.1.8] startup
[4.125s] [ext: omni.kit.widget.zoombar-1.0.7] startup
[4.127s] [ext: omni.kit.browser.core-2.3.17] startup
[4.140s] [ext: omni.kit.browser.folder.core-1.12.1] startup
[4.157s] [ext: omni.kit.hotkeys.core-1.3.12] startup
[4.160s] [ext: omni.kit.widget.filter-1.1.5] startup
[4.162s] [ext: omni.kit.window.file_exporter-1.0.35] startup
[4.165s] [ext: omni.kit.widget.stage-3.2.0] startup
[4.210s] [ext: omni.kit.widget.stage_icons-1.0.8] startup
[4.214s] [ext: omni.kit.window.content_browser_registry-0.0.6] startup
[4.216s] [ext: omni.kit.window.file-2.0.9] startup
[4.226s] [ext: omni.kit.window.content_browser-3.1.6] startup
[4.260s] [ext: omni.kit.window.stage-2.6.1] startup
[4.267s] [ext: omni.kit.menu.stage-1.2.7] startup
[4.268s] [ext: omni.kit.usd.collect-2.4.9] startup
[4.273s] [ext: omni.kit.widget.prompt-1.0.7] startup
[4.274s] [ext: omni.kit.tool.collect-2.2.19] startup
[4.278s] [ext: omni.kit.viewport.utility-2.0.1] startup
[4.279s] [ext: isaacsim.asset.browser-1.4.5] startup
[4.283s] [ext: omni.kit.usdz_export-1.0.10] startup
[4.286s] [ext: omni.kit.tool.asset_importer-5.1.3] startup
[4.292s] [ext: omni.kit.widget.highlight_label-1.0.3] startup
[4.292s] [ext: omni.kit.window.extensions-1.5.3] startup
[4.297s] [ext: omni.kit.window.property-1.14.4] startup
[4.308s] [ext: isaacsim.asset.importer.mjcf-2.5.15] startup
[4.339s] [ext: omni.convexdecomposition-109.0.10] startup
[4.340s] [ext: omni.graph.tools-1.79.4] startup
[4.358s] [ext: omni.graph-1.142.3] startup
[4.393s] [ext: omni.graph.action_core-1.1.8] startup
[4.394s] [ext: omni.graph.action_nodes_core-2.0.1] startup
[4.397s] [ext: omni.graph.action_nodes-2.0.3] startup
[4.398s] [ext: omni.graph.action-2.0.0] startup
[4.400s] [ext: omni.kit.manipulator.viewport-107.0.1] startup
[4.403s] [ext: omni.graph.visualization.nodes-2.1.4] startup
[4.411s] [ext: omni.kit.property.adapter.core-1.1.1] startup
[4.434s] [ext: omni.kit.property.adapter.usd-1.0.5] startup
[4.484s] [ext: omni.kit.property.usd-4.8.1] startup
[4.553s] [ext: omni.ui_query-1.1.9] startup
[4.560s] [ext: omni.kit.ui_test-1.4.3] startup
[4.566s] [ext: omni.kvdb-109.0.10] startup
[4.572s] [ext: omni.localcache-109.0.10] startup
[4.578s] [ext: omni.physics-109.0.10] startup
[4.590s] [ext: omni.physx.foundation-109.0.10] startup
[4.596s] [ext: omni.usdphysics-109.0.10] startup
[4.604s] [ext: omni.physx.cooking-109.0.10] startup
[4.613s] [ext: omni.physx-109.0.10] startup
[4.645s] [ext: omni.physics.physx-109.0.10] startup
[4.649s] [ext: omni.physics.stageupdate-109.0.10] startup
[4.654s] [ext: isaacsim.examples.browser-0.2.2] startup
[4.668s] [ext: isaacsim.gui.components-1.4.1] startup
[4.683s] [ext: isaacsim.asset.importer.urdf-2.4.36] startup
[4.764s] [ext: omni.physics.tensors-109.0.10] startup
[4.782s] [ext: omni.physx.tensors-109.0.10] startup
2026-07-29T07:32:40Z [4,776ms] [Warning] [omni.physx.tensors.plugin] omni.physx.tensors tensorsInit() already ran, skipping duplicate
[4.788s] [ext: isaacsim.core.simulation_manager-1.7.2] startup
[4.799s] [ext: isaacsim.storage.native-1.6.3] startup
[4.802s] [ext: omni.usd.metrics.assembler.physics-109.0.10] startup
[4.805s] [ext: isaacsim.core.utils-4.0.1] startup
[4.808s] [ext: isaacsim.core.prims-0.8.3] startup
[6.025s] [ext: isaacsim.core.api-4.11.4] startup
[6.106s] [ext: isaacsim.core.cloner-1.6.3] startup
[6.109s] [ext: isaacsim.test.docstring-1.2.1] startup
[6.113s] [ext: isaacsim.core.experimental.prims-0.9.7] startup
[6.134s] [ext: isaacsim.core.experimental.materials-0.5.1] startup
[6.137s] [ext: isaacsim.core.experimental.objects-0.5.0] startup
[6.141s] [ext: omni.graph.image.core-0.6.1] startup
[6.142s] [ext: omni.graph.image.nodes-1.3.1] startup
[6.143s] [ext: omni.graph.nodes_core-2.0.3] startup
[6.147s] [ext: omni.graph.nodes-2.1.6] startup
[6.152s] [ext: omni.graph.scriptnode-2.1.2] startup
[6.153s] [ext: omni.graph.ui_nodes-2.0.4] startup
[6.157s] [ext: omni.kit.widget.graph-2.1.0] startup
[6.186s] [ext: omni.kit.graph.delegate.default-1.2.5] startup
[6.189s] [ext: omni.kit.graph.editor.core-1.5.4] startup
[6.199s] [ext: omni.kit.graph.usd.commands-1.3.2] startup
[6.204s] [ext: omni.kit.widget.searchable_combobox-1.0.6] startup
[6.210s] [ext: omni.kit.widget.settings-1.2.6] startup
[6.222s] [ext: omni.kit.window.preferences-1.8.2] startup
[6.271s] [ext: omni.kit.property.material-1.12.3] startup
[6.316s] [ext: omni.kit.viewport.menubar.core-107.2.1] startup
[6.381s] [ext: omni.kit.widget.material_preview-1.1.2] startup
[6.390s] [ext: omni.kit.window.material_graph-1.9.5] startup
[6.426s] [ext: omni.syntheticdata-0.6.15] startup
[6.457s] [ext: omni.replicator.nv-1.0.0] startup
OmniReplicatorNvExtension starting up (ext_id: omni.replicator.nv-1.0.0).
2026-07-29T07:32:42Z [6,450ms] [Warning] [omni.graph.core.plugin] Found duplicate of category 'Replicator' - was 'Annotators', adding 'Fabric Reader'
2026-07-29T07:32:42Z [6,450ms] [Warning] [omni.graph.core.plugin] Category 'Replicator' not accepted on node type 'omni.replicator.nv.FabricReader' in extension 'omni.replicator.nv'
[6.462s] [ext: omni.videoencoding-0.1.2] startup
[6.474s] [ext: omni.warp-1.10.1] startup
[6.507s] [ext: omni.replicator.core-1.12.34] startup
2026-07-29T07:32:42Z [6,567ms] [Warning] [pxr.Semantics] pxr.Semantics is deprecated - please use Semantics instead
2026-07-29T07:32:42Z [6,966ms] [Warning] [omni.replicator.core.scripts.extension] No material configuration file, adding configuration to material settings directly.
[6.980s] [ext: isaacsim.core.nodes-5.1.3] startup
[7.032s] [ext: isaacsim.core.rendering_manager-0.2.2] startup
[7.063s] [ext: isaacsim.core.throttling-2.2.4] startup
[7.078s] [ext: isaacsim.examples.base-1.1.3] startup
[7.085s] [ext: isaacsim.robot.surface_gripper-3.3.6] startup
[7.100s] [ext: isaacsim.robot.manipulators-3.3.9] startup
[7.134s] [ext: isaacsim.robot_motion.lula-4.0.10] startup
[7.184s] [ext: isaacsim.robot_motion.motion_generation-8.1.3] startup
[7.282s] [ext: isaacsim.robot.manipulators.examples-1.2.4] startup
[7.493s] [ext: isaacsim.cortex.framework-1.0.12] startup
[7.508s] [ext: isaacsim.cortex.behaviors-2.0.15] startup
[7.525s] [ext: isaacsim.gui.content_browser-0.1.18] startup
[7.562s] [ext: omni.kit.selection-0.1.6] startup
[7.595s] [ext: isaacsim.gui.menu-2.4.8] startup
[7.694s] [ext: isaacsim.gui.property-1.2.1] startup
[7.759s] [ext: omni.kit.viewport.actions-107.0.2] startup
[7.805s] [ext: omni.kit.viewport.menubar.display-107.1.1] startup
[7.820s] [ext: isaacsim.gui.sensors.icon-2.0.7] startup
[7.867s] [ext: omni.kit.menu.create-2.0.1] startup
[7.881s] [ext: omni.kit.scripting-109.0.5] startup
[7.941s] [ext: isaacsim.replicator.behavior-1.3.0] startup
[7.948s] [ext: isaacsim.replicator.domain_randomization-1.1.0] startup
[7.983s] [ext: isaacsim.replicator.writers-1.2.1] startup
[8.166s] [ext: isaacsim.robot.policy.examples-5.0.3] startup
[8.380s] [ext: isaacsim.robot.wheeled_robots-5.0.2] startup
[8.460s] [ext: omni.kit.numpy.common-0.1.3] startup
[8.472s] [ext: isaacsim.sensors.camera-1.5.3] startup
[8.500s] [ext: isaacsim.sensors.physics-0.6.3] startup
[8.536s] [ext: isaacsim.util.debug_draw-3.2.0] startup
[8.562s] [ext: isaacsim.sensors.physx-2.4.4] startup
[8.605s] [ext: omni.sensors.net-1.0.1] startup
[8.629s] [ext: omni.sensors.nv.common-3.0.0] startup
[8.672s] [ext: omni.sensors.nv.materials-2.0.0] startup
[8.691s] [ext: omni.sensors.nv.ids-2.0.1] startup
[8.698s] [ext: omni.sensors.nv.lidar-3.0.0] startup
[8.720s] [ext: omni.sensors.nv.wpm-3.0.0] startup
[8.725s] [ext: omni.sensors.nv.radar-3.0.0] startup
[8.743s] [ext: isaacsim.sensors.rtx-15.11.5] startup
[8.771s] [ext: isaacsim.simulation_app-2.14.1] startup
[8.777s] [ext: omni.anim.curve.core-1.5.3] startup
[8.837s] [ext: omni.hydra.scene_api-0.1.3] startup
[8.855s] [ext: omni.kit.manipulator.camera-109.0.1] startup
[8.870s] [ext: omni.kit.manipulator.selector-1.1.4] startup
[8.877s] [ext: omni.kit.manipulator.transform-107.0.0] startup
[8.895s] [ext: omni.kit.widget.toolbar-2.1.0] startup
[8.922s] [ext: omni.kit.manipulator.tool.snap-1.5.14] startup
[8.939s] [ext: omni.kit.viewport.manipulator.transform-107.0.4] startup
[8.948s] [ext: omni.kit.manipulator.prim.core-108.0.1] startup
[8.973s] [ext: omni.kit.manipulator.prim.usd-107.0.3] startup
[8.980s] [ext: omni.kit.manipulator.prim-108.0.0] startup
[8.983s] [ext: omni.kit.manipulator.selection-109.0.1] startup
[8.988s] [ext: omni.kit.property.audio-1.0.16] startup
[8.993s] [ext: omni.kit.property.camera-1.0.13] startup
[8.999s] [ext: omni.kit.property.geometry-2.1.1] startup
[9.013s] [ext: omni.kit.property.light-1.0.13] startup
[9.020s] [ext: omni.kit.property.render-1.2.1] startup
[9.026s] [ext: omni.kit.property.transform-1.6.8] startup
[9.040s] [ext: omni.kit.property.bundle-1.5.0] startup
[9.049s] [ext: omni.kit.ui.actions-1.0.5] startup
[9.057s] [ext: omni.kit.viewport.menubar.camera-107.0.9] startup
[9.077s] [ext: omni.kit.viewport.menubar.lighting-107.3.2] startup
[9.089s] [ext: omni.kit.viewport.menubar.render-107.0.10] startup
[9.099s] [ext: omni.kit.viewport.menubar.settings-107.0.5] startup
[9.116s] [ext: omni.kit.window.console-1.1.7] startup
[9.129s] [ext: omni.kit.window.status_bar-0.1.9] startup
[9.140s] [ext: omni.kit.window.toolbar-3.0.2] startup
[9.150s] [ext: omni.ocio-0.1.1] startup
[9.155s] [ext: omni.replicator.replicator_yaml-2.0.11] startup
[9.166s] [ext: omni.rtx.window.settings-0.7.2] startup
[9.201s] [ext: omni.rtx.settings.core-0.6.7] startup
[9.227s] [ext: omni.usd.metrics.assembler.ui-109.0.0] startup
[9.266s] [ext: semantics.schema.editor-2.0.2] startup
[9.283s] [ext: semantics.schema.property-2.0.1] startup
[9.289s] [ext: omni.kit.menu.common-2.0.2] startup
[9.296s] [ext: isaacsim.exp.base-6.0.0] startup
[9.299s] [ext: isaacsim.exp.base.python-6.0.0] startup
[9.306s] Simulation App Starting
[12.342s] Simulation App Startup Complete
[12.369s] app ready
2026-07-29T07:32:49Z [13,571ms] [Warning] [omni.fabric.plugin] Warning: attribute material:binding not found for path /Replicator/Cube_Xform_01

2026-07-29T07:32:50Z [14,873ms] [Warning] [omni.syntheticdata.plugin] OgnSdPostRenderVarToHost : rendervar copy from texture directly to host buffer is counter-performant. Please use copy from texture to device buffer first.
2026-07-29T07:32:51Z [15,417ms] [Warning] [carb] Plugin interface for a client: omni.hydratexture.plugin was already released.
2026-07-29T07:32:52Z [16,062ms] [Warning] [carb] Client rtx.raytracing.plugin has acquired [carb::settings::ISettings v1.1] 100 times. Consider accessing this interface with carb::getCachedInterface() (Performance warning)
2026-07-29T07:32:54Z [18,463ms] [Error] [omni.kit.app._impl] [py stderr]: /home/reza/Vision/ThIsaac/thermal_sim/main_dynamic.py:530: DeprecationWarning: Conversion of an array with ndim > 0 to a scalar is deprecated, and will error in future. Ensure you extract a single element from your array before performing this operation. (Deprecated NumPy 1.25.)
  g_log_p1  = float(np.log(np.clip(irr_cold, 1e-30, None)))
2026-07-29T07:32:54Z [18,463ms] [Error] [omni.kit.app._impl] [py stderr]: /home/reza/Vision/ThIsaac/thermal_sim/main_dynamic.py:531: DeprecationWarning: Conversion of an array with ndim > 0 to a scalar is deprecated, and will error in future. Ensure you extract a single element from your array before performing this operation. (Deprecated NumPy 1.25.)
  g_log_p99 = float(np.log(np.clip(irr_hot,  1e-30, None)))
2026-07-29T07:33:06Z [30,846ms] [Warning] [carb] Plugin interface for a client: omni.hydratexture.plugin was already released.
[31.055s] Simulation App Shutting Down
